
> stackwise-web@0.1.0 build
> next build

ΓÜá Warning: Next.js inferred your workspace root, but it may not be correct.
 We detected multiple lockfiles and selected the directory of C:\Users\LENOVO\package-lock.json as the root directory.
 To silence this warning, set `turbopack.root` in your Next.js config, or consider removing one of the lockfiles if it's not needed.
   See https://nextjs.org/docs/app/api-reference/config/next-config-js/turbopack#root-directory for more information.
 Detected additional lockfiles: 
   * C:\Users\LENOVO\Desktop\Yash Stuffs\RESUME2025\Top Projects\Stackwise\stackwise-web\package-lock.json

Γû▓ Next.js 16.1.6 (Turbopack)
- Environments: .env.local, .env

  Creating an optimized production build ...
Γ£ô Compiled successfully in 9.4s
  Running TypeScript ...
Failed to compile.

./src/components/ui/button.tsx:76:13
Type error: Expression produces a union type that is too complex to represent.

  74 |         >
  75 |             {/* Text with mask-reveal sweep */}
> 76 |             <motion.span
     |             ^
  77 |                 className="relative z-10 flex items-center gap-2 tracking-wide"
  78 |                 style={{
  79 |                     WebkitMaskImage:
Next.js build worker exited with code: 1 and signal: null
